
Welcome to fdisk (util-linux 2.27.1).
Changes will remain in memory only, until you decide to write them.
Be careful before using the write command.


Command (m for help): Disk /dev/mmcblk0: 7.4 GiB, 7948206080 bytes, 15523840 sectors
Units: sectors of 1 * 512 = 512 bytes
Sector size (logical/physical): 512 bytes / 512 bytes
I/O size (minimum/optimal): 512 bytes / 512 bytes
Disklabel type: dos
Disk identifier: 0x00000000

Device         Boot  Start    End Sectors  Size Id Type
/dev/mmcblk0p1        2048 104447  102400   50M  b W95 FAT32
/dev/mmcblk0p2      104448 514047  409600  200M 83 Linux

Command (m for help): Partition number (1,2, default 2): 
Partition 1 has been deleted.

Command (m for help): Selected partition 2
Partition 2 has been deleted.

Command (m for help): 2: unknown command

Command (m for help): 
Disk /dev/mmcblk0: 7.4 GiB, 7948206080 bytes, 15523840 sectors
Units: sectors of 1 * 512 = 512 bytes
Sector size (logical/physical): 512 bytes / 512 bytes
I/O size (minimum/optimal): 512 bytes / 512 bytes
Disklabel type: dos
Disk identifier: 0x00000000

Command (m for help): Partition type
   p   primary (0 primary, 0 extended, 4 free)
   e   extended (container for logical partitions)
Select (default p): Partition number (1-4, default 1): First sector (2048-15523839, default 2048): Last sector, +sectors or +size{K,M,G,T,P} (2048-15523839, default 15523839): 
Created a new partition 1 of type 'Linux' and of size 50 MiB.

Command (m for help): Selected partition 1
Partition type (type L to list all types): Changed type of partition 'Linux' to 'W95 FAT32'.

Command (m for help): Partition type
   p   primary (1 primary, 0 extended, 3 free)
   e   extended (container for logical partitions)
Select (default p): Partition number (2-4, default 2): First sector (104448-15523839, default 104448): Last sector, +sectors or +size{K,M,G,T,P} (104448-15523839, default 15523839): 
Created a new partition 2 of type 'Linux' and of size 200 MiB.

Command (m for help): Disk /dev/mmcblk0: 7.4 GiB, 7948206080 bytes, 15523840 sectors
Units: sectors of 1 * 512 = 512 bytes
Sector size (logical/physical): 512 bytes / 512 bytes
I/O size (minimum/optimal): 512 bytes / 512 bytes
Disklabel type: dos
Disk identifier: 0x00000000

Device         Boot  Start    End Sectors  Size Id Type
/dev/mmcblk0p1        2048 104447  102400   50M  b W95 FAT32
/dev/mmcblk0p2      104448 514047  409600  200M 83 Linux

Command (m for help): The partition table has been altered.
Calling ioctl() to re-read partition table.
Syncing disks.

mkfs.fat 3.0.28 (2015-05-16)
mke2fs 1.42.13 (17-May-2015)
Creating filesystem with 204800 1k blocks and 51200 inodes
Filesystem UUID: 057ec30b-7795-4370-9576-7ed1db7d53ca
Superblock backups stored on blocks: 
	8193, 24577, 40961, 57345, 73729

Allocating group tables:  0/25     done                            
Writing inode tables:  0/25     done                            
Creating journal (4096 blocks): done
Writing superblocks and filesystem accounting information:  0/25     done

